<s:Envelope xmlns:s="http://schemas.xmlsoap.org/soap/envelope/">
   <s:Body>
      <DeleteByCorrespondenceIdResponse xmlns="https://www.capita.co.uk/TfL/docstore"/>
   </s:Body>
</s:Envelope>