<s:Envelope xmlns:s="http://schemas.xmlsoap.org/soap/envelope/">
   <s:Body xmlns:xsi="http://www.w3.org/2001/XMLSchema-instance" xmlns:xsd="http://www.w3.org/2001/XMLSchema">
      <UploadResponse xmlns="https://www.capita.co.uk/TfL/docstore">
         <UploadResult>#(docid)</UploadResult>
      </UploadResponse>
   </s:Body>
</s:Envelope>